[  0.00000] itiaizg group subsys cpusset
[    0.00000] Intializg cgrou sbss cpu
[  0.000] Initialiincgrop bsys cpcc
[   000000] Linux version 4.4.0-45-generic (buildd@lgw01-34) (gcc version 5.4.0 20160609 (Ubuntu 5.4.0-6butu~16.4.) ) 66-Ubuntu MPed Oc194:1237TC2016(Untu 4.4.0456-geer 4.4.21
[   0.00000Commndine: BOOT_IMAGE=/boot/vmlinuz-4.4.0-45-generic root=LABEL=cloudimg-rootfs ro console=tty1 consol=tyS0
[    0.000000] KERNEL supported cpus:
[    0.000000]   Intel GenuineIntel
[    0.000000]   AMD AuthenticAMD
[    0.000000]   Centaur CentaurHauls
[    0.000000] x86/fpu: xstate_offset[2]:  576, xstate_sizes[2]:  256
[    0.000000] x86/fpu: Supporting XSAVE feature 0x01: 'x87 floating point registers'
[    0.000000] x86/fpu: Supporting XSAVE feature 002: SSE regsters'
[    0000000] x86/fpu: Supporting XSAVE feature 0x04: 'AVX registers'
[    0.000000] x86/fpu: Enabled xstate features 0x7, context size is 832 bytes, using 'standard foat
[    0.000000] x86/fpu: Using 'lazy' FPU cntt switches.
[    0.000000] e820: BIOS-provided physical RAM map:
[    0.000000] BIOS-e820: [mem 0x0000000000000000-0x000000000009fbff] usable
[    0.000000] BIOS-e820: [m 0000000009c00x00000000009ff reserved
[    0.000000] BIOS-e820: [[mem 0x00000000000f0000-0x00000000000fffff] reserved
[    0.000000]IO-e820: [mem 0x0000000000100000-0x00000000dffeffff] usable
[    0.000000] BIOS-e820: [mem 0x00000000dfff00-0x00000dfffffff] ACPI data
[    0.000000] BIOS-e820: [mem 0x00000000fffc0000-0x00000000ffffffff] reserved
[    0.000000] BIOS-e820: [mem 0x0000000100000000-0x000000011fffffff] usable
[    0.000000] NX (Execute Disable) protection: active
[    0.00000 SBIOS 2.5 present.
[    0.000000] Hypervisor detected: KVM
[    0.000000] e820: last_pfn = 0x120000 max_arch_pfn = 0x400000000
[    0.000000 MTRR: Disabled
[    0.000000] x86/PAT: MTRRs disabled, skipping PAT initialization too.
[    0.000000] x86/PAT: Configuration [0-7]: WB  WT  UC- UC  WB  WTUC- U [    0.000000] CPU MTRRs all blank - virtualized system.
[    0.000000] e820: last_pfn = 0xdfff0 max_arch_pfn = 0x400000000
[    0.000000] found SMP MP-table at [mem 0x0009fff0-0x0009fff mapedt ffff88000009ff]
[    0.0000] Scnng 1 ares orlo mory corruption
[    0.000000] RAMDISK: [mem 0x36fd4000-0x377e1fff]
[    0.000000] ACPI: Early tble checksum verification disabled[    0.000000] ACPI: RSDP 0x00000000000E000 000024 (v02 VBOX  )
[    0.000000] ACPI: XSDT 0x00000000DFFF0030 00003C (v01 VBOX   VBOXXSDT 00000001 ASL  00000061)
[    0.000000] ACPI: FACP 0x00000000DFFF00F0 0000F4 (v04 VBOX   VBOXFAC0000001 ASL  00000061)
[    0.000000] ACPI: DSDT 0x00000000DFFF0470 001E0B (v01 VBOX   VBOXBIOS 00000002 INTL 20100528)
[    0.000000] ACPI: FACS 0x00000000DFFF0200 000040
[    0.000000] ACPI: FACS 0x00000000DFFF0200 000040
[    0.000000] ACPI: APIC 0x00000000DFFF0240 00005C (v02 VBOX   VBOXAPIC 00000001 ASL  00000061)
[    0.000000] ACPI: SSDT 0x00000000DFFF02A0 0001CC (v01 VBOX   VBOXCPUT 00000002 INTL 20100528)
[    0.000000] No NUMA configuration found
[    0.000000] Faking a node at [mem 0x0000000000000000-0x000000011fffffff]
[    0.000000] NOD_DTA(0) loated [emx11fff70-011fffbfff]
[    0.000000] kvm-clock: Using msrs 4b564d01 and 4b564d00
[    0.000] k-cock: cpu 0, msr 1:1fff3001, primary cpu clock
[    0.000000] kvm-clock: using sched offsetf 059429160 cycles
[    0.000000] clocksource: kvm-clock: mask: 0xffffffffffffffff max_cycles: 0x1cd42e4dffb, max_idle_ns: 881590591483 ns
[    0.000000] Zone ranges:
[    0.000000]   DMA      [mem 0x0000000000001000-0x0000000000ffffff]
[    0.000000]   DMA32    [mem 0x0000000001000000-0x00000000ffffffff]
[    0.000000]   Normal   [mem 0x0000000100000x00000011fffff]
[    0.000000]   Device   empty
[    0.000000] Movable zone start for each node
[    0.000000] Early memory node ranges
[    0.000000]   node   0: [mem 0x0000000000001000-0x000000000009efff]
[    0.000000]   node   0: [mem 0x0000000000100000-0000000dffeffff]
[    0.000000]   node   0: [mem 0x0000000100000000-0x000000011fffffff]
[    0.000000] Initm stup ne  [mem0x0000000001000-0x000000011fffffff]
[    0.000000] ACPI: PTier I Pt: 0x4008
  0.000000] IOAPIC[0]: apic_id 2, version 17, address 0xfec00000, GSI 0-23
    .000000] CP: NT_SRC_VR(bs 0 bs_irq 0 global_irq 2 dfl dfl)
[    0.000000] ACPI: INT_SRC_OVR (bus 0 bus_irq 9 global_irq 9 high level)
[    0.000000] Using ACPI (MAT)for SMP configuration information
[    0.000000] smpboot: Allowing 2 CPUs, 0 hotplug CPUs
[    0.000000] PM: Registered nosave memory: [mem 0x00000000-0x00000fff]
[    0.000000] PM: Registere nave emy: [mem x09f000-000ffff
   0.0000 P: Regteed novememry[mem 0x00000-0x00eff]
[   0.0000] PM: Registered nosave memory: [mem 0x000f0000-0x000fffff]
[    0.000000] PM: Registered nosave memory: [mem 0xdfff0000-0xdfffffff]
[    0.000000] PM: Registered nosave memory: [mem 0xe0000000-0ffffff][   0.000000] PM: Registered nosave memory: [mem  0xfffc0000-0xfffff]
[  00000] 20: [mem 0xe0000000-0xfffbffff] available for PCI devices
[    0.000000] Booting paravirtualized kernel on KVM
[    0.000000] clocksource: refined-jiffies: mask: 0xffffffff max_cycles: 0xffffffff, max_idle_ns: 7645519600211568 ns
[    0.000000] setup_percpu: NR_CPUS:256 nr_cpumask_bits:256 nr_cpu_ids:2 nr_node_ids:1
[    0000000] PERCPU: Embedded 33 pagespu @ff8011fc000 98008 r8192 d28968 u1048576
[    0.000000] PV qspinlock hash table entries: 256 (order: 0, 4096 bytes)
[    0.000000] Built 1 zonelists in Node order, mobility grouping on.  Total pages: 1032057
[    0.000000] Policy zone: Normal
[    0.000000] Kernel command line: BOOT_IMAGE=/boot/vmlinuz-4.4.0-45-generic root=LABEL=cloudimg-rootfs ro console=tty1 console=ttyS0
[    0.000000] PID hash table entries: 4096 (order: 3, 32768 bytes)
[    0.000000] Memory: 4034900K/4193848K available (8409K kernel code, 1283K rwdata, 3944K rodata, 1480K init, 1292K bss, 158948K reserved, 0K cma-reserved)
[    0.000000] SLUB: HWalign=64, Order=0-3, MinObjects=0, CPUs=2, Nodes=1
[    0.000000] Hierarchical RCU implementation.
[   .00000] 	Build-time adjustment of leaf fanout to 64.
[    0.000000] 	RCU restricting CPUs from NR_CPUS=256 to nr_cpu_ids=2.
[    0.000000] RCU: Adjusting geometry for rcu_fanout_leaf=64, nr_cpu_ids=2
[    0.000000] NR_IRQS:16640 nr_irqs:440 16
[    0.000000] Console: colour VGA+ 80x25
[    0.000000] console [tty1] enabled
[    0.000000] console [ttyS0] enabled
[    0.000000] tsc: Detected 2400.000 MHz processor
[    5.189694] Calibrating delay loop (skipped) preset value.. 4800.00 BogoMIPS (lpj=9600000)
[    5.191778] pid_max: default: 32768 minimum: 301
[    5.192951] ACPI: Core revision 20150930
[    5.194780] ACPI: 2 ACPI AML tables successfully acquired and loaded
[    5.196385] Security Framework initialized
[    5.197449] Yamabecoming mindful.
[    5.239291] AppArmor: AppArmor initialized
[    5.242229] Dentry cache hash table entries: 524288 (order: 10, 4194304 bytes)
[    5.277900] Inode-cache hash table entries: 262144 (order: 9, 2097152 bytes)
[    5.293239] Mount-cache hash table entries: 8192 (order: 4, 65536 bytes)
[    5.296330] Mountpoint-cache hash table entries: 8192 (order: 4, 65536 bytes)
[    5.330162] Initializing cgroup subsys io
[    5.331214] Initializing cgroup subsys memory
[    5.332322] Initializing cgroup subsys devices
[    5.333470] Initializing cgroup subsys freezer
[    5.334595] Initializing cgroup subsys net_cls
[    5.335716] Initializing cgroup subsys perf_event
[    5.343686] Initializing cgroup subsys net_prio
[    5.350719] Initializing cgroup subsys hugetlb
[    5.361535] Initializing cgroup subsys pids
[    5.362901] CPU: Physical Processor ID: 0
[    5.363946] CPU: Processor Core ID: 0
[    5.365847] mce: CPU supports 0 MCE banks
[    5.378090] Last level iTLB entries: 4KB 1024, 2MB 1024, 4MB 1024
[    5.390847] Last level dTLB entries: 4KB 1024, 2MB 1024, 4MB 1024, 1GB 4
[    5.399850] Freeing SMP alternatives memory: 32K (ffffffff820b4000 - ffffffff820bc000)
[    5.442470] ftrace: allocating 32007 entries in 126 pages
[    5.521090] smpboot: Max logical packages: 1
[    5.555160] smpboot: APIC(0) Converting physical 0 to logical package 0
[    5.568462] ..TIMER: vector=0x30 apic1=0 pin1=2 apic2=-1 pin2=-1
[    5.689387] smpboot: CPU0: Intel(R) Core(TM) i5-4258U CPU @ 2.40GHz (family: 0x6, model: 0x45, stepping: 0x1)
[    5.739836] Performance Events: unsupported p6 CPU model 69 no PMU driver, software events only.
[    5.742707] KVM setup paravirtual spinlock
[    5.760555] x86: Booting SMP configuration:
[    5.777522] .... node  #0, CPUs:      #1
[    5.794461] kvm-clock: cpu 1, msr 1:1fff3041, secondary cpu clock
[    5.806567] mce: CPU supports 0 MCE banks
[    5.827378] x86: Booted up 1 node, 2 CPUs
[    5.848299] smpboot: Total of 2 processors activated (9600.00 BogoMIPS)
[    5.850316] devtmpfs: initialized
[    5.884066] evm: security.selinux
[    5.912487] evm: security.SMACK64
[    5.913544] evm: security.SMACK64EXEC
[    5.914645] evm: security.SMACK64TRANSMUTE
[    5.917070] evm: security.SMACK64MMAP
[    5.932513] evm: security.ima
[    5.933729] evm: security.capability
[    5.964958] clocksource: jiffies: mask: 0xffffffff max_cycles: 0xffffffff, max_idle_ns: 7645041785100000 ns
[    5.975663] pinctrl core: initialized pinctrl subsystem
[    5.977071] RTC time:  4:38:08, date: 11/02/16
[    5.991117] NET: Registered protocol family 16
[    6.041814] cpuidle: using governor ladder
[    6.069957] cpuidle: using governor menu
[    6.078629] PCCT header not found.
[    6.081906] ACPI: bus type PCI registered
[    6.083096] acpiphp: ACPI Hot Plug PCI Controller Driver version: 0.5
[    6.087586] PCI: Using configuration type 1 for base access
[    6.106754] ACPI: Added _OSI(Module Device)
[    6.108941] ACPI: Added _OSI(Processor Device)
[    6.110132] ACPI: Added _OSI(3.0 _SCP Extensions)
[    6.126080] ACPI: Added _OSI(Processor Aggregator Device)
[    6.139242] ACPI: Executed 1 blocks of module-level executable AML code
[    6.145309] ACPI: Interpreter enabled
[    6.146309] ACPI Exception: AE_NOT_FOUND, While evaluating Sleep State [\_S1_] (20150930/hwxface-580)
[    6.185022] ACPI Exception: AE_NOT_FOUND, While evaluating Sleep State [\_S2_] (20150930/hwxface-580)
[    6.193468] ACPI Exception: AE_NOT_FOUND, While evaluating Sleep State [\_S3_] (20150930/hwxface-580)
[    6.225900] ACPI Exception: AE_NOT_FOUND, While evaluating Sleep State [\_S4_] (20150930/hwxface-580)
[    6.233913] ACPI: (supports S0 S5)
[    6.246977] ACPI: Using IOAPIC for interrupt routing
[    6.278279] PCI: Using host bridge windows from ACPI; if necessary, use "pci=nocrs" and report a bug
[    6.297842] ACPI: PCI Root Bridge [PCI0] (domain 0000 [bus 00-ff])
[    6.347284] acpi PNP0A03:00: _OSC: OS supports [ASPM ClockPM Segments MSI]
[    6.363622] acpi PNP0A03:00: _OSC failed (AE_NOT_FOUND); disabling ASPM
[    6.410383] acpi PNP0A03:00: fail to add MMCONFIG information, can't access extended PCI configuration space under this bridge.
[    6.430473] PCI host bridge to bus 0000:00
[    6.450390] pci_bus 0000:00: root bus resource [io  0x0000-0x0cf7 window]
[    6.452058] pci_bus 0000:00: root bus resource [io  0x0d00-0xffff window]
[    6.476912] pci_bus 0000:00: root bus resource [mem 0x000a0000-0x000bffff window]
[    6.518283] pci_bus 0000:00: root bus resource [mem 0xe0000000-0xffdfffff window]
[    6.548693] pci_bus 0000:00: root bus resource [bus 00-ff]
[    6.557529] pci 0000:00:01.1: legacy IDE quirk: reg 0x10: [io  0x01f0-0x01f7]
[    6.592985] pci 0000:00:01.1: legacy IDE quirk: reg 0x14: [io  0x03f6]
[    6.641279] pci 0000:00:01.1: legacy IDE quirk: reg 0x18: [io  0x0170-0x0177]
[    6.643253] pci 0000:00:01.1: legacy IDE quirk: reg 0x1c: [io  0x0376]
[    6.742880] ACPI: PCI Interrupt Link [LNKA] (IRQs 5 9 10 11) *0, disabled.
[    6.817142] ACPI: PCI Interrupt Link [LNKB] (IRQs 5 9 10 *11)
[    6.831311] ACPI: PCI Interrupt Link [LNKC] (IRQs 5 9 *10 11)
[    6.880921] ACPI: PCI Interrupt Link [LNKD] (IRQs 5 *9 10 11)
[    6.931076] ACPI: Enabled 2 GPEs in block 00 to 07
[    6.958182] vgaarb: setting as boot device: PCI:0000:00:02.0
[    7.010968] vgaarb: device added: PCI:0000:00:02.0,decodes=io+mem,owns=io+mem,locks=none
[    7.059234] vgaarb: loaded
[    7.081714] vgaarb: bridge control possible 0000:00:02.0
[    7.103355] SCSI subsystem initialized
[    7.117858] ACPI: bus type USB registered
[    7.138480] usbcore: registered new interface driver usbfs
[    7.190511] usbcore: registered new interface driver hub
[    7.199547] usbcore: registered new device driver usb
[    7.213882] PCI: Using ACPI for IRQ routing
[    7.216980] NetLabel: Initializing
[    7.226749] NetLabel:  domain hash size = 128
[    7.231129] NetLabel:  protocols = UNLABELED CIPSOv4
[    7.244785] NetLabel:  unlabeled traffic allowed by default
[    7.246315] amd_nb: Cannot enumerate AMD northbridges
[    7.265215] clocksource: Switched to clocksource kvm-clock
[  777189] AppArmor: AppArmor Filesystem Enabled
[    7.374211] pnp: PnP ACPI init
[  7.376022] pnp: PnP ACPI: found 3 devices

[  73960 cckource: acpi_pm: mask: 0xffffff max_cycles: 0xffffff, max_idle_ns: 2085701024 ns
[    7.670728] NET: Registered protocol family 2
[    7.21] P established hash table entries: 32768 (order: 6, 262144 bytes)

[    7.827095] TCP bind hash table entries: 32768 (order: 7, 524288 bytes)
[   83528] TCP: Hash tables configured (established 32768 bind 32768))
[  73774UDha tbl etris:2048 rd:  636yt)  8.80] P-Litha tleenie 28 orr:4,5536 bytes
    9.433804] NET Rgistered protocol family 1[  9391] ci00000.0: Limiting direct PCI/PCI transfers
[    9.880913] pci 00000:01.: titig A A anwoarnds
[   10.353415] Trying to unpack rootfs image as initramfs...

[   11.876740] Freeing initrd memory: 8248K (ffff880036fd4000 - ffff8800377e2000)
[   11.902305] PCIDM Ungofarboceufrig r IO (SWIOTLB)
[   12.426508] software IO TLB [mem 0xdbff0000-0xdfff0000] (64MB) mapped at [ffff8800dbff0000-ffff8800dffeffff]
[  14235RAL PMU detected, API unit is 2^-32 Joules, 4 fixed couners 1073741840 m ol ter
[   12.909487] hw unit of domain pp0-core 2^-0 Joules
[   12.934326] hw unit of domain package 2^-0 Joules
[   12.935619] hw unit of domain dram 2^-0 Joules
[   1236767]w itf domain pp1-gpu 2^-0 Joules
[   13.134031] platform rtc_cmos: registered platform RTC device (no PNP device found)
[  13.13650 Snng r w mo cruioevy  scos
[   13.846194] futex hash table entries: 512 (order: 3, 32768 bytes)
[   13.883762] audit: initializing netlink subsys (disabled)
[   13.885216] audit: type=2000 audit(1478061493.756:1): initialized
[   13.899470] Initialise system trusted keyring
[   13.901187] HugeTLB registered 2 MB page size, pre-allocated 0 pages
[   13.962358] zbud: loaded
[   13.981140] VFS: Disk quotas dquot_6.6.0
[   14.004491] VFS: Dquot-cache hash table entries: 512 (order 0, 4096 bytes)
[   14.028492] squashfs: version 4.0 (2009/01/31) Phillip Lougher
[   14.074526] fuse init (API version 7.23)
[   14.111371] Key type big_key registered
[   14.127736] Allocating IMA MOK and blacklist keyrings.
[   14.336]sc Rin TC ocoucealraio 29978MHz
[   14.832530] clocksource: tsc: mask: 0xffffffffffffffff max_cycles: 0x22952ed11ba, max_idle_ns: 440795230201 ns
[   4.327] eyype symmeric reistered

[   14.832740] Asymmetric key parser 'x509' registered
[   14.832809] Block layer SCSI generic (bsg) driver version 0.4 loaded (major 249)
[   14.832859] io scheduler noop registered
[   14.832862] io scheduler deadline registered (default)
[   14.832904] io scheduler cfq registered
[   14.833026] pci_hotplug: PCI Hot Plug PCI Core version: 0.5
[   14.833033] pciehp: PCI Express Hot Plug Controller Driver version: 0.4
[   14.833519] ACPI: AC Adapter [AC] (on-line)
[   14.833599] input: Power Button as /devices/LNXSYSTM:00/LNXPWRBN:00/input/input0
[   14.833603] ACPI: Power Button [PWRF]
[   14.833720] input: Sleep Button as /devices/LNXSYSTM:00/LNXSLPBN:00/input/input1
[   14.833722] ACPI: Sleep Button [SLPF]
[   14.833930] GHES: HEST is not enabled!
[   14.835424] ACPI: Battery Slot [BAT0] (battery present)
[   14.835500] Serial: 8250/16550 driver, 32 ports, IRQ sharing enabled
[   14.858938] 00:02: ttyS0 at I/O 0x3f8 (irq = 4, base_baud = 115200) is a 16550A
[   15.145920] Linux agpgart interface v0.103
[   15.154792] brd: module loaded
[   15.155834] loop: module loaded
[   15.156578] scsi host0: ata_piix
[   15.156627] scsi host1: ata_piix
[   15.156653] ata1: PATA max UDMA/33 cmd 0x1f0 ctl 0x3f6 bmdma 0xd000 irq 14
[   15.156654] ata2: PATA max UDMA/33 cmd 0x170 ctl 0x376 bmdma 0xd008 irq 15
[   15.156723] libphy: Fixed MDIO Bus: probed
[   15.156725] tun: Universal TUN/TAP device driver, 1.6
[   15.156725] tun: (C) 1999-2004 Max Krasnyansky <maxk@qualcomm.com>
[   15.157062] PPP generic driver version 2.4.2
[   15.157115] ehci_hcd: USB 2.0 'Enhanced' Host Controller (EHCI) Driver
[   15.157121] ehci-pci: EHCI PCI platform driver
[   15.157137] ehci-platform: EHCI generic platform driver
[   15.157144] ohci_hcd: USB 1.1 'Open' Host Controller (OHCI) Driver
[   15.157146] ohci-pci: OHCI PCI platform driver
[   15.157153] ohci-platform: OHCI generic platform driver
[   15.157159] uhci_hcd: USB Universal Host Controller Interface driver
[   15.157209] i8042: PNP: PS/2 Controller [PNP0303:PS2K,PNP0f03:PS2M] at 0x60,0x64 irq 1,12
[   15.214588] serio: i8042 KBD port at 0x60,0x64 irq 1
[   15.214597] serio: i8042 AUX port at 0x60,0x64 irq 12
[   15.214767] mousedev: PS/2 mouse device common for all mice
[   15.215106] rtc_cmos rtc_cmos: rtc core: registered rtc_cmos as rtc0
[   15.215167] rtc_cmos rtc_cmos: alarms up to one day, 114 bytes nvram
[   15.215174] i2c /dev entries driver
[   15.215235] device-mapper: uevent: version 1.0.3
[   15.215286] device-mapper: ioctl: 4.34.0-ioctl (2015-10-28) initialised: dm-devel@redhat.com
[   15.215306] ledtrig-cpu: registered to indicate activity on CPUs
[   15.215551] NET: Registered protocol family 10
[   15.215687] NET: Registered protocol family 17
[   15.215696] Key type dns_resolver registered
[   15.233944] microcode: CPU0 sig=0x40651, pf=0x40, revision=0x0
[   15.233982] microcode: CPU1 sig=0x40651, pf=0x40, revision=0x0
[   15.234073] microcode: Microcode Update Driver: v2.01 <tigran@aivazian.fsnet.co.uk>, Peter Oruba
[   15.234199] registered taskstats version 1
[   15.234211] Loading compiled-in X.509 certificates
[   15.234943] Loaded X.509 cert 'Build time autogenerated kernel key: 5295ae568fdd4deae5e4e5c175542790e6aaeab9'
[   15.234973] zswap: loaded using pool lzo/zbud
[   15.236329] Key type trusted registered
[   15.238583] Key type encrypted registered
[   15.238588] AppArmor: AppArmor sha1 policy hashing enabled
[   15.238590] ima: No TPM chip found, activating TPM-bypass!
[   15.238606] evm: HMAC attrs: 0x1
[   15.238878]   Magic number: 8:183:615
[   15.238884] misc tun: hash matches
[   15.239653] rtc_cmos rtc_cmos: setting system clock to 2016-11-02 04:38:17 UTC (1478061497)
[   15.239753] BIOS EDD facility v0.16 2004-Jun-25, 0 devices found
[   15.239753] EDD information not available.
[   15.320925] input: AT Translated Set 2 keyboard as /devices/platform/i8042/serio0/input/input2
[   16.274478] Freeing unused kernel memory: 1480K (ffffffff81f42000 - ffffffff820b4000)
[   16.305897] Write protecting the kernel read-only data: 14336k
[   16.323457] Freeing unused kernel memory: 1820K (ffff880001839000 - ffff880001a00000)
[   16.427214] Freeing unused kernel memory: 152K (ffff880001dda000 - ffff880001e00000)
Loading, please [   16.455726] random: systemd-udevd: uninitialized urandom read (16 bytes read, 3 bits of entropy available)
wait...
starting version 229
[   16.473573] random: systemd-udevd: uninitialized urandom read (16 bytes read, 3 bits of entropy available)
[   16.474418] random: udevadm: uninitialized urandom read (16 bytes read, 3 bits of entropy available)
[   16.474452] random: udevadm: uninitialized urandom read (16 bytes read, 3 bits of entropy available)
[   16.474555] random: udevadm: uninitialized urandom read (16 bytes read, 3 bits of entropy available)
[   16.474591] random: udevadm: uninitialized urandom read (16 bytes read, 3 bits of entropy available)
[   16.474627] random: udevadm: uninitialized urandom read (16 bytes read, 3 bits of entropy available)
[   16.474665] random: udevadm: uninitialized urandom read (16 bytes read, 3 bits of entropy available)
[   16.474698] random: udevadm: uninitialized urandom read (16 bytes read, 3 bits of entropy available)
[   16.474730] random: udevadm: uninitialized urandom read (16 bytes read, 3 bits of entropy available)
[   16.938844] e1000: Intel(R) PRO/1000 Network Driver - version 7.3.21-k8-NAPI
[   16.949069] e1000: Copyright (c) 1999-2006 Intel Corporation.
[   16.950404] Fusion MPT base driver 3.04.20
[   16.951473] Copyright (c) 1999-2008 LSI Corporation
[   16.983570] Fusion MPT SPI Host driver 3.04.20
[   17.006129] AVX version of gcm_enc/dec engaged.
[   17.012679] AES CTR mode by8 optimization enabled
[   17.222867] input: ImExPS/2 Generic Explorer Mouse as /devices/platform/i8042/serio1/input/input4
[   17.418143] e1000 0000:00:03.0 eth0: (PCI:33MHz:32-bit) 02:2e:63:51:6e:2d
[   17.430948] e1000 0000:00:03.0 eth0: Intel(R) PRO/1000 Network Connection
[   17.957191] e1000 0000:00:08.0 eth1: (PCI:33MHz:32-bit) 08:00:27:e2:4c:ff
[   17.968230] e1000 0000:00:08.0 eth1: Intel(R) PRO/1000 Network Connection
[   17.976793] e1000 0000:00:03.0 enp0s3: renamed from eth0
[   18.027540] mptbase: ioc0: Initiating bringup
[   18.070104] e1000 0000:00:08.0 enp0s8: renamed from eth1
[   18.149617] ioc0: LSI53C1030 A0: Capabilities={Initiator}
[   18.365383] scsi host2: ioc0: LSI53C1030 A0, FwRev=00000000h, Ports=1, MaxQ=256, IRQ=20
[   18.489968] scsi 2:0:0:0: Direct-Access     VBOX     HARDDISK         1.0  PQ: 0 ANSI: 5
[   18.554387] scsi target2:0:0: Beginning Domain Validation
[   18.578698] scsi target2:0:0: Domain Validation skipping write tests
[   18.603023] scsi target2:0:0: Ending Domain Validation
[   18.637020] scsi target2:0:0: asynchronous
[   18.671089] scsi 2:0:1:0: Direct-Access     VBOX     HARDDISK         1.0  PQ: 0 ANSI: 5
[   18.724363] scsi target2:0:1: Beginning Domain Validation
[   18.742990] scsi target2:0:1: Domain Validation skipping write tests
[   18.774857] scsi target2:0:1: Ending Domain Validation
[   18.777780] scsi target2:0:1: asynchronous
[   18.821135] sd 2:0:0:0: Attached scsi generic sg0 type 0
[   18.842004] sd 2:0:0:0: [sda] 20971520 512-byte logical blocks: (10.7 GB/10.0 GiB)
[   18.866193] sd 2:0:1:0: [sdb] 20480 512-byte logical blocks: (10.5 MB/10.0 MiB)
[   18.866350] sd 2:0:1:0: Attached scsi generic sg1 type 0
[   18.970383] sd 2:0:0:0: [sda] Write Protect is off
[   18.970486] sd 2:0:0:0: [sda] Incomplete mode parameter data
[   18.970487] sd 2:0:0:0: [sda] Assuming drive cache: write through
[   18.971874]  sda: sda1
[   18.972628] sd 2:0:0:0: [sda] Attached SCSI disk
[   19.107565] sd 2:0:1:0: [sdb] Write Protect is off
[   19.123838] sd 2:0:1:0: [sdb] Incomplete mode parameter data
[   19.364070] sd 2:0:1:0: [sdb] Assuming drive cache: write through
[   19.367701] sd 2:0:1:0: [sdb] Attached SCSI disk
[   20.086139] floppy0: no floppy controllers found
Begin: Loading e[   21.475705] md: linear personality registered for level -1
ssential drivers ... [   21.518203] md: multipath personality registered for level -4
[   21.536170] md: raid0 personality registered for level 0
[   21.590739] md: raid1 personality registered for level 1
[   21.729510] raid6: sse2x1   gen()  8165 MB/s
[   21.849273] raid6: sse2x1   xor()  6566 MB/s
[   21.937463] raid6: sse2x2   gen()  7765 MB/s
[   22.009349] raid6: sse2x2   xor()  4637 MB/s
[   22.085408] raid6: sse2x4   gen() 12610 MB/s
[   22.157262] raid6: sse2x4   xor()  8492 MB/s
[   22.158412] raid6: using algorithm sse2x4 gen() 12610 MB/s
[   22.159951] raid6: .... xor() 8492 MB/s, rmw enabled
[   22.162406] raid6: using ssse3x2 recovery algorithm
[   22.167736] xor: automatically using best checksumming function:
[   22.281518]    avx       : 26337.000 MB/sec
[   22.329005] async_tx: api initialized (async)
[   22.352036] md: raid6 personality registered for level 6
[   22.432462] md: raid5 personality registered for level 5
[   22.494099] md: raid4 personality registered for level 4
[   22.601932] md: raid10 personality registered for level 10
done.
Begin: Running /scripts/init-premount ... done.
Begin: Mounti[   22.650802] Btrfs loaded
ng root file system ... Begin: Running /scripts/local-top ... done.
Begin: Running /scripts/local-premount ... Scanning for Btrfs filesystems
done.
Warning: fsck no[   22.703271] EXT4-fs (sda1): mounted filesystem with ordered data mode. Opts: (null)
t present, so skipping root file system
done.
Begin: Running /scripts/local-bottom ... done.
Begin: Running /scripts/init-bottom ... Warning: overlayroot: debug is busted
done.
[   22.884424] systemd[1]: systemd 229 running in system mode. (+PAM +AUDIT +SELINUX +IMA +APPARMOR +SMACK +SYSVINIT +UTMP +LIBCRYPTSETUP +GCRYPT +GNUTLS +ACL +XZ -LZ4 +SECCOMP +BLKID +ELFUTILS +KMOD -IDN)
[   22.927228] systemd[1]: Detected virtualization oracle.
[   22.947644] systemd[1]: Detected architecture x86-64.

Welcome to [1mUbuntu 16.04.1 LTS[0m!

[ 22.97987]ysem1]Se hostnae  <unu>

[   23.466615] systemd[1]: Initializing machine ID from random generator.
[   23.539925] systemd[1]: Installed transient /etc/machine-id file.
[   23.700845] systemd[1]: Listening on /dev/initctl Compatibility Named Pipe.
[[0;32m  OK  [0m] Listening on /dev/initctl Compatibility Named Pipe.
[  27826] syte[1 Lteng on udevCotrol Socket.
[[0;32m  OK  [0m] Listening on udev Control Socket.
[   24.306188] systemd[1]: Listening on Syslog Socket.
[[0;32m  OK  [0m] Listening on Syslog Socket.
[   24.315077] systemd[1]: Reached target Swap.
[[0;32m  OK  [0m] Reached target Swap.
[   24.331239] systemd[1]: Listening on udev Kernel Socket.
[[0;32m  OK  [0m] Listening on udev Kernel Socket.
[   24.351814] systemd[1]: Listening on Device-mapper event daemon FIFOs.
[[0;32m  OK  [0m] Listening on Device-mapper event daemon FIFOs.
[   24.355205] systemd[1]: Listening on Journal Socket.
[[0;32m  OK  [0m] Listening on Journal Socket.
[   24.395296] systemd[1]: Created slice System Slice.
[[0;32m  OK  [0m] Created slice System Slice.
[   24.421552] systemd[1]: Mounting POSIX Message Queue File System...
         Mounting POSIX Message Queue File System...
[   24.439420] systemd[1]: Starting Create list of required static device nodes for the current kernel...
         Starting Create list of required st... nodes for the current kernel...
[   24.471491] systemd[1]: Reached target User and Group Name Lookups.
[[0;32m  OK  [0m] Reached target User and Group Name Lookups.
[  2.535 sstd[1: ead lice system-serial\xdgetty.slice.

[[0;32m  OK  [0m] Created slice system-serial\x2dgetty.slice.
[  20149 sted[1]: Listenig on L2 poll aen ocket. [[0;32m  OK  [0m] Listening on LVM2 poll daemon socket.
[   25.966078] systemd[1]: Starting Nameserver information manager...
         Starting Nameserver information manager...
[  29982 ste[1: Se uaumot Arbitrar EcublFi Frms le SystemAumount oi.
[[0;32m  OK  [0m] Set up automount Arbitrary Executab...ats File System Automount Point.
[ 27655]ystemd[1]: isni oJournl ocet /dv/g).
[[0;32m  OK  [0m] Listening on Journal Socket (/dev/log).
[   27.695623] systemd[1]: Listening on LVM2 metadata daemon socket.
[[0;32m  OK  [0m] Listening on LVM2 metadata daemon socket.
[   27.830192] systemd[1]: Starting Monitoring of LVM2 mirrors, snapshots etc. using dmeventd or progress polling...
[   27.851930] random: nonblocking pool is initialized
         Starting Monitoring of LVM2 mirrors... dmeventd or progress polling...
[   27.977908] systemd[1]: Starting Load Kernel Modules...
         Starting Load Ke[   27.993912] Loading iSCSI transport class v2.0-870.
rnel Modules...
[   28.006601] systemd[1]: Mounting Huge Pages File System...
         Mounting Huge Pages File System...
[   28.027692] iscsi: registered transport (tcp)
[   28.027797] systemd[1]: Started Forward Password Requests to Wall Directory Watch.
[[0;32m  OK  [0m] Started Forward Password Requests to Wall Directory Watch.
[   28.047801] systemd[1]: Mounting Debug File System...
         Mounting Debug File System...
[   28.106176] iscsi: registered transport (iser)
[   28.109646] systemd[1]: Starting Set console keymap...
         Starting Set console keymap...
[   28.129632] systemd[1]: Created slice User and Session Slice.
[[0;32m  OK  [0m] Created slice User and Session Slice.
[   28.181737] systemd[1]: Starting Uncomplicated firewall...
         Starting Uncomplicated firewall...
[   28.244963] systemd[1]: Starting Remount Root and Kernel File Systems...
         [   28.267420] EXT4-fs (sda1): re-mounted. Opts: (null)
Starting Remount Root and Kernel File Systems...
[   28.282803] systemd[1]: Reached target Slices.
[[0;32m  OK  [0m] Reached target Slices.
[   28.285582] systemd[1]: Listening on Journal Audit Socket.
[[0;32m  OK  [0m] Listening on Journal Audit Socket.
[   28.300843] systemd[1]: Starting Journal Service...
         Starting Journal Service...
[   28.359432] systemd[1]: Reached target Encrypted Volumes.
[[0;32m  OK  [0m] Reached target Encrypted Volumes.
[   24753systed[1]: Mounted POSIX Message Queue File System.
[[0;32m  OK  [0m] Mounted POSIX Message Queue File System.
[   28.710458] systemd[1]: Mounted Huge Pages File System.
[[0;32m  OK  [0m] Mounted Huge Pages File System.
[   28.761660] systemd[1]: Mounted Debug File System.
[[0;32m  OK  [0m] Mounted Debug File System.
[   28.834404] systemd[1]: Started Journal Service.
[[0;32m  OK  [0m] Started Journal Service.
[[0;32m  OK  [0m] Started Create list of required sta...ce nodes for the current kernel.
[[0;32m  OK  [0m] Started Load Kernel Modules.
[[0;32m  OK  [0m] Started Set console keymap.
[[0;32m  OK  [0m] Started Uncomplicated firewall.
[[0;32m  OK  [0m] Started Remount Root and Kernel File Systems.
[[0;32m  OK  [0m] Started Nameserver information manager.
[[0;32m  OK  [0m] Started LVM2 metadata daemon.
         Starting udev Coldplug all Devices...
         Starting Load/Save Random Seed...
         Starting Apply Kernel Variables...
         Mounting FUSE Control File System...
         Starting Create Static Device Nodes in /dev...
         Starting Flush Journal to Persistent Storage...
[[0;32m  OK  [0m] Mounted FUSE Control File System.
[[0;32m  OK  [0m] Started Load/Save Random Seed.
[[0;32m  OK  [0m] Started Apply Kernel Variables.
[[0;32m  OK  [0m] Started Create Static Device Nodes in /dev.
[[0;32m  OK  [0m] Started udev Coldplug all Devices.
[[0;32m  OK  [0m] Started Monitoring of LVM2 mirrors,...ng dmeventd or progress polling.
[[0;32m  OK  [0m] Started Flush Journal to Persistent Storage.
         Starting udev Kernel Device Manager...
[[0;32m  OK  [0m] Started udev Kernel Device Manager.
[[0;32m  OK  [0m] Started Dispatch Password Requests to Console Directory Watch.
[[0;32m  OK  [0m] Reached target Local File Systems (Pre).
[[0;32m  OK  [0m] Reached target Local File Systems.
         Starting Tell Plymouth To Write Out Runtime Data...
         Starting Commit a transient machine-id on disk...
         Starting Create Volatile Files and Directories...
         Starting Set console font and keymap...
         Starting Run snappy firstboot setup...
         Starting LSB: AppArmor initialization...
         Starting Initial cloud-init job (pre-networking)...
[[0;32m  OK  [0m] Started Tell Plymouth To Write Out Runtime Data.
[[0;32m  OK  [0m] Started Commit a transient machine-id on disk.
[[0;32m  OK  [0m] Started Create Volatile Files and Directories.
[[0;32m  OK  [0m] Reached target System Time Synchronized.
         Starting Update UTMP about System Boot/Shutdown...
[[0;32m  OK  [0m] Started Update UTMP about System Boot/Shutdown.
[[0;32m  OK  [0m] Started Run snappy firstboot setup.
[[0;32m  OK  [0m] Found device /dev/ttyS0.
[[0;32m  OK  [0m] Listening on Load/Save RF Kill Switch Status /dev/rfkill Watch.
[[0;32m  OK  [0m[   24.818605] ] cloud-initStarted LSB: AppArmor initialization.[534]: 
Cloud-init v. 0.7.8 running 'init-local' at Wed, 02 Nov 2016 04:38:33 +0000. Up 24.40 seconds.
[[0;32m  OK  [0m] Reached target System Initialization.
[[0;32m  OK  [0m] Started ACPI Events Check.
[[0;32m  OK  [0m] Listening on ACPID Listen Socket.
[[0;32m  OK  [0m] Listening on UUID daemon activation socket.
[[0;32m  OK  [0m] Started Timer to automatically refresh installed snaps.
[[0;32m  OK  [0m] Listening on D-Bus System Message Bus Socket.
[[0;32m  OK  [0m] Started Trigger resolvconf update for networkd DNS.
[[0;32m  OK  [0m] Reached target Paths.
         Starting Socket activation for snappy daemon.
         Starting LXD - unix socket.
[[0;32m  OK  [0m] Started Daily Cleanup of Temporary Directories.
[[0;32m  OK  [0m] Started Daily apt activities.
[[0;32m  OK  [0m] Reached target Timers.
[[0;32m  OK  [0m] Started Initial cloud-init job (pre-networking).
[[0;32m  OK  [0m] Listening on Socket activation for snappy daemon.
[[0;32m  OK  [0m] Listening on LXD - unix socket.
[[0;32m  OK  [0m] Reached target Sockets.
[[0;32m  OK  [0m] Reached target Basic System.
[[0;32m  OK  [0m] Started ACPI event daemon.
         Starting Accounts Service...
         Starting LSB: Record successful boot for GRUB...
[[0;32m  OK  [0m] Started FUSE filesystem for LXC.
[[0;32m  OK  [0m] Started Snappy daemon.
         Starting Login Service...
[[0;32m  OK  [0m] Started D-Bus System Message Bus.
         Starting LSB: MD monitoring daemon...
         Starting System Logging Service...
[[0;32m  OK  [0m] Started Regular background program processing daemon.
[[0;32m  OK  [0m] Started Deferred execution scheduler.
         Starting LXD - container startup/shutdown...
[[0;32m  OK  [0m] Reached target Network (Pre).
         Starting Raise network interfaces...
[[0;32m  OK  [0m] Started System Logging Service.
[[0;32m  OK  [0m] Started LSB: Record successful boot for GRUB.
[[0;32m  OK  [0m] Started LSB: MD monitoring daemon.
[[0;32m  OK  [0m] Started LXD - container startup/shutdown.
[[0;32m  OK  [0m] Started Login Service.
         Starting Authenticate and Authorize Users to Run Privileged Tasks...
[[0;32m  OK  [0m] Started Authenticate and Authorize Users to Run Privileged Tasks.
[[0;32m  OK  [0m] Started Accounts Service.
[[0;32m  OK  [0m] Started Raise network interfaces.
         Starting Initial cloud-init job (metadata service crawler)...
[[0;32m  OK  [0m] Reached target Network.
[   27.985800] cloud-init[989]: Cloud-init v. 0.7.8 running 'init' at Wed, 02 Nov 2016 04:38:36 +0000. Up 27.18 seconds.
[   28.005141] cloud-init[989]: ci-info: ++++++++++++++++++++++++++++++++++++++Net device info++++++++++++++++++++++++++++++++++++++
[   28.010804] cloud-init[989]: ci-info: +--------+-------+----------------------------+---------------+-------+-------------------+
[   28.017313] cloud-init[989]: ci-info: | Device |   Up  |          Address           |      Mask     | Scope |     Hw-Address    |
[   28.044871] cloud-init[989]: ci-info: +--------+-------+----------------------------+---------------+-------+-------------------+
[   28.050027] cloud-init[989]: ci-info: |   lo   |  True |         127.0.0.1          |   255.0.0.0   |   .   |         .         |
[   28.088724] cloud-init[989]: ci-info: |   lo   |  True |          ::1/128           |       .       |  host |         .         |
[   28.102064] cloud-init[989]: ci-info: | enp0s3 |  True |         10.0.2.15          | 255.255.255.0 |   .   | 02:2e:63:51:6e:2d |
[   28.102499] cloud-init[989]: ci-info: | enp0s3 |  True | fe80::2e:63ff:fe51:6e2d/64 |       .       |  link | 02:2e:63:51:6e:2d |
[[0;32m  OK  [0m] Started Initial cloud-init job (metadata service crawler).
[   28.102882] cloud-init[989]: ci-info: | enp0s8 | False |             .              |       .       |   .   | 08:00:27:e2:4c:ff |
[[   28.249987] cloud-init[989]: ci-info: +--------+-------+----------------------------+---------------+-------+-------------------+
[   28.251101] cloud-init[989]: ci-info: +++++++++++++++++++++++++++Route IPv4 info++++++++++++++++++++++++++++
[   28.251370] cloud-init[989]: ci-info: +-------+-------------+----------+---------------+-----------+-------+
[0;32m  OK  [0m] Reached target Network is Online.
[   28.251496] cloud-init[989]: ci-info: | Route | Destination | Gateway  |    Genmask    | Interface | Flags |
         [   28.309675] cloud-init[989]: ci-info: +-------+-------------+----------+---------------+-----------+-------+
Starting iSCSI initiator daemon (iscsid)...
[   28.312629] cloud-init[989]: ci-info: |   0   |   0.0.0.0   | 10.0.2.2 |    0.0.0.0    |   enp0s3  |   UG  |
[   28.384950] cloud-init[989]: ci-info: |   1   |   10.0.2.0  | 0.0.0.0  | 255.255.255.0 |   enp0s3  |   U   |
[   28.385504] cloud-init[989]: ci-info: +-------+-------------+----------+---------------+-----------+-------+
         Starting Pollinate to seed the pseudo random number generator...
[   28.385726] cloud-init[989]: Generating public/private rsa key pair.
[   28.440442] cloud-init[989]: Your identification has been saved in /etc/ssh/ssh_host_rsa_key.
[   28.440940] cloud-init[989]: Your public key has been saved in /etc/ssh/ssh_host_rsa_key.pub.
         Starting /etc/rc.local Compatibility...
[   28.441189] cloud-init[989]: The key fingerprint is:
[   28.467260] [[0;32m  OK  [0m] Reached target Cloud-config availability.
cloud-init[989]: SHA256:Nf+bnkpmGSGLjO1+Oi7SlXuYxkY7BARjYgJ+lZ9QSok root@ubuntu-xenial
[   28.508281] cloud-init[989]: The key's randomart image is:
[   28.508783] cloud-init[989]: +---[RSA 2048]----+
         Starting Apply the settings specified in cloud-config...
[   28.509571] cloud-init[989]: |+ o =++.         |
[   28.544073] cloud-init[989]: |.o Eo=o          |
[   28.568993] cloud-init[989]: | . . oo . + .    |
[   28.569782] cloud-init[989]: |  .   .* o = .   |
[[   28.569974] [0;32m  OK  [0mcloud-init] [989]: Started /etc/rc.local Compatibility.|      ..S.. o    |

[[   28.570755] cloud-init[989]: |       .=    +   |
[   28.590076] cloud-init[989]: |     . =.=  = .  |
[0;32m  OK  [0m] Started iSCSI initiator daemon (iscsid).
[   28.590237] cloud-init[989]: |    . o.@ o+   + |
[   28.607981] cloud-init[989]: |     . =+*  .o=  |
[   28.613407] cloud-init[989]: +----[SHA256]-----+
[   28.624943] cloud-init[989]: Generating public/private dsa key pair.
[   28.656488] cloud-init[989]: Your identification has been saved in /etc/ssh/ssh_host_dsa_key.
         Starting Login to default iSCSI targets...
[   28.657332] cloud-init[989]: Your public key has been saved in /etc/ssh/ssh_host_dsa_key.pub.
[   28.715235] cloud-init[989]: The key fingerprint is:
[   28.744916] cloud-init[989]: SHA256:Pj8PTPo2lhXBMgIiaCa/3jTS9WN+nmlWAt1HzlInMI8 root@ubuntu-xenial
[[0;32m  OK  [0m] Started Login to default iSCSI targets.[   28.768268] cloud-init[989]: The key's randomart image is:
[   28.770084] cloud-init[989]: +---[DSA 1024]----+
[   28.770411] cloud-init[989]: | .. . ..   .o.   |
[   28.770470] cloud-init[989]: |oo . .  . o o++ .|
[   28.770519] cloud-init[989]: |+.       o +E*.o |
[   28.770566] cloud-init[989]: |  .   . . . + +  |
[   28.770611] cloud-init[989]: |   o . .S..  +   |
[   28.770658] cloud-init[989]: |  o +  .++. o    |
[   28.770710] cloud-init[989]: | . + . o+.o=     |
[   28.770765] cloud-init[989]: |  . .   .+X+     |
[   28.770820] cloud-init[989]: |         B*+.    |
[   28.770862] cloud-init[989]: +----[SHA256]-----+
[   28.770892] cloud-init[989]: Generating public/private ecdsa key pair.
[   28.770926] cloud-init[989]: Your identification has been saved in /etc/ssh/ssh_host_ecdsa_key.
[   28.770957] cloud-init[989]: Your public key has been saved in /etc/ssh/ssh_host_ecdsa_key.pub.
[   28.770987] cloud-init[989]: The key fingerprint is:
[   28.771015] cloud-init[989]: SHA256:NJTffksE7p8d+mYVQIt+bSvf2kgpzRdAadROuF7M7Sc root@ubuntu-xenial
[   28.771044] cloud-init[989]: The key's randomart image is:
[   28.771085] cloud-init[989]: +---[ECDSA 256]---+
[   28.771128] cloud-init[989]: |        ..  o++  |
[   28.771159] cloud-init[989]: |       ..   +=.o |
[   28.771190] cloud-init[989]: |        o. +.+B .|
[   28.771219] cloud-init[989]: |       . .o o.+*.|
[   28.771248] cloud-init[989]: |        S  +.o.=.|
[   28.771277] cloud-init[989]: |            ++Eo*|
[   28.771308] cloud-init[989]: |            .=**=|
[   28.771337] cloud-init[989]: |             +**o|
[   28.771367] cloud-init[989]: |              *+o|
[   28.771397] cloud-init[989]: +----[SHA256]-----+
[   28.771425] cloud-init[989]: Generating public/private ed25519 key pair.
[   28.771454] cloud-init[989]: Your identification has been saved in /etc/ssh/ssh_host_ed25519_key.
[   28.771482] cloud-init[989]: Your public key has been saved in /etc/ssh/ssh_host_ed25519_key.pub.
[   28.771515] cloud-init[989]: The key fingerprint is:
[   28.771543] cloud-init[989]: SHA256:PpCpb8jmHDUwBoKNdPyUEA0e5r3CF9qnM0Oa9Ny3fTA root@ubuntu-xenial
[   28.771573] cloud-init[989]: The key's randomart image is:
[   28.771601] cloud-init[989]: +--[ED25519 256]--+
[   28.771629] cloud-init[989]: |++oB= .          |
[   28.771658] cloud-init[989]: |o.*oo+           |
[   28.771686] cloud-init[989]: |   o*o           |
[   28.771714] cloud-init[989]: |  ..o+oo         |
[   28.771743] cloud-init[989]: |   = =*.S        |
[   28.771771] cloud-init[989]: |  . Oo++   E     |
[   28.771800] cloud-init[989]: |   +oO .o.  o    |
[   28.771828] cloud-init[989]: |   .+o= ..o  .   |
[   28.771858] cloud-init[989]: |   oo..  . ..    |
[   28.771887] cloud-init[989]: +----[SHA256]-----+

[   29.456819] cloud-init[1105]: Generating locales (this might take a while)...
[[0;32m  OK  [0m] Reached target Remote File Systems (Pre).
[[0;32m  OK  [0m] Reached target Remote File Systems.
         Starting LSB: automatic crash report generation...
         Starting LSB: Set the CPU Frequency Scaling governor to "ondemand"...
         Starting Permit User Sessions...
         Starting LSB: daemon to balance interrupts for SMP systems...
         Starting LSB: VirtualBox Linux Additions...
[[0;32m  OK  [0m] Started Permit User Sessions.
[[0;32m  OK  [0m] Started LSB: Set the CPU Frequency Scaling governor to "ondemand".
[[0;32m  OK  [0m] Started LSB: automatic crash report generation.
         Starting Hold until boot process finishes up...
         Starting Terminate Plymouth Boot Screen...
[[0;32m  OK  [0m] Started LSB: daemon to balance interrupts for SMP systems.
[[0;32m  OK  [0m] Started Hold until boot process finishes up.
[[0;32m  OK  [0m] Started Terminate Plymouth Boot Screen.
[[0;32m  OK  [0m] Started LSB: VirtualBox Linux Additions.
[[0;32m  OK  [0m] Started Serial Getty on ttyS0.
         Starting Set console scheme...
[[0;32m  OK  [0m] Started Set console scheme.
[[0;32m  OK  [0m] Started Pollinate to seed the pseudo random number generator.
         Starting OpenBSD Secure Shell server...
[[0;32m  OK  [0m] Started OpenBSD Secure Shell server.
[   31.073471] cloud-init[1105]:   en_US.UTF-8... done
[   31.093263] cloud-init[1105]: Generation complete.
         Stopping OpenBSD Secure Shell server...
[[0;32m  OK  [0m] Stopped OpenBSD Secure Shell server.
         Starting OpenBSD Secure Shell server...
[[0;32m  OK  [0m] Started OpenBSD Secure Shell server.
[[0;32m  OK  [0m] Created slice User Slice of ubuntu.
         Starting User Manager for UID 1000...
[[0;32m  OK  [0m] Started User Manager for UID 1000.
[[0;32m  OK  [0m] Started Session 1 of user ubuntu.
[   31.664990] cloud-init[1105]: Cloud-init v. 0.7.8 running 'modules:config' at Wed, 02 Nov 2016 04:38:38 +0000. Up 29.25 seconds.
[[0;32m  OK  [0m] Started Apply the settings specified in cloud-config.
[[0;32m  OK  [0m] Started Session 2 of user ubuntu.

Ubuntu 16.04.1 LTS ubuntu-xenial ttyS0

ubuntu-xenial login: ci-info: +++++Authorized keys from /home/ubuntu/.ssh/authorized_keys for user ubuntu++++++
ci-info: +---------+-------------------------------------------------+---------+---------+
ci-info: | Keytype |                Fingerprint (md5)                | Options | Comment |
ci-info: +---------+-------------------------------------------------+---------+---------+
ci-info: | ssh-rsa | 01:c0:53:66:83:8b:75:6e:84:f5:95:44:22:3f:26:92 |    -    | vagrant |
ci-info: +---------+-------------------------------------------------+---------+---------+
<14>Nov  2 04:39:04 ec2: 
<14>Nov  2 04:39:04 ec2: #############################################################
<14>Nov  2 04:39:04 ec2: -----BEGIN SSH HOST KEY FINGERPRINTS-----
<14>Nov  2 04:39:04 ec2: 1024 SHA256:Pj8PTPo2lhXBMgIiaCa/3jTS9WN+nmlWAt1HzlInMI8 root@ubuntu-xenial (DSA)
<14>Nov  2 04:39:04 ec2: 256 SHA256:NJTffksE7p8d+mYVQIt+bSvf2kgpzRdAadROuF7M7Sc root@ubuntu-xenial (ECDSA)
<14>Nov  2 04:39:04 ec2: 256 SHA256:PpCpb8jmHDUwBoKNdPyUEA0e5r3CF9qnM0Oa9Ny3fTA root@ubuntu-xenial (ED25519)
<14>Nov  2 04:39:04 ec2: 2048 SHA256:Nf+bnkpmGSGLjO1+Oi7SlXuYxkY7BARjYgJ+lZ9QSok root@ubuntu-xenial (RSA)
<14>Nov  2 04:39:04 ec2: -----END SSH HOST KEY FINGERPRINTS-----
<14>Nov  2 04:39:04 ec2: #############################################################
-----BEGIN SSH HOST KEY KEYS-----
ecdsa-sha2-nistp256 AAAAE2VjZHNhLXNoYTItbmlzdHAyNTYAAAAIbmlzdHAyNTYAAABBBCIQD8CwO5fFFN640J+o/dMOEI+BEYwmmbStug1skYxTi9FKm9DNi+Jlacdowid8PwhCHcI4tbVYllw/YCViWIg= root@ubuntu-xenial
ssh-ed25519 AAAAC3NzaC1lZDI1NTE5AAAAILavZ+sLMNaND3zbKw374gMX+7xbVkTf6bzFC64T43+d root@ubuntu-xenial
ssh-rsa AAAAB3NzaC1yc2EAAAADAQABAAABAQCmnYKuFnZbxptPfDMqPd8UMXCaGhV23yqaaZ1NkBZcFj6D9obPYR7BrjgA2HQKSt/eE//ABqg84LiJvjmehFvulSoM2NYjHbeaa9D+rmIvPK1xdg1r+wmMacAeaughdB9HuTPM5fYg4ZOZrtiuLVdUJ291e+OUghoOmQNjWlkSA0Mf0aOwa3KX9tx8N/hP207y26alL0NfPU9uej3A8qEi1Gtg/AtoEVTVkPQn7eeyAq/g15s1Pyj9w09H05SHHm6jXoPiJt89X5gwGAFogl0bcE6791zfH+rBfEeicX7M/RuongvOa3HtDu5n6eImT3s4Ke4rZYvoW/7l4Q4L46Vn root@ubuntu-xenial
-----END SSH HOST KEY KEYS-----
[   56.083856] cloud-init[2448]: Cloud-init v. 0.7.8 running 'modules:final' at Wed, 02 Nov 2016 04:39:04 +0000. Up 55.87 seconds.
[   56.083979] cloud-init[2448]: Cloud-init v. 0.7.8 finished at Wed, 02 Nov 2016 04:39:04 +0000. Datasource DataSourceNoCloud [seed=/dev/sdb][dsmode=net].  Up 56.07 seconds
